// Jest Snapshot v1, https://goo.gl/fbAQLP

exports[`SearchBar should render equal to the snapshot 1`] = `
<form
  className="SearchBar"
  onSubmit={[Function]}
>
  <div
    className="field has-addons"
  >
    <div
      className="control has-icons-left is-expanded"
    >
      <input
        className="input is-info"
        onChange={[Function]}
        placeholder="Enter a topic to search"
        type="text"
        value=""
      />
      <span
        class="icon is-left"
      >
        <i
          class="fa fa-search"
        />
      </span>
    </div>
    <div
      class="control"
    >
      <button
        className="button is-info"
        type="submit"
      >
        Search
      </button>
    </div>
  </div>
</form>
`;
