// Jest Snapshot v1, https://goo.gl/fbAQLP

exports[`Header should render a message for empty results 1`] = `
<header
  className="Header"
>
  <Link
    replace={false}
    to="/"
  >
    <img
      alt="GIFGLE Logo"
      className="Header-logo"
      src="logo.svg"
    />
  </Link>
  <Link
    replace={false}
    to="/"
  >
    <h1
      className="Header-title"
    >
      GIFGLE
    </h1>
  </Link>
  <div
    className="Header-SearchBar"
  >
    <SearchBar
      onNewSearch={[Function]}
    />
  </div>
</header>
`;
