// Jest Snapshot v1, https://goo.gl/fbAQLP

exports[`SearchResults should render equal to the snapshot 1`] = `
<section
  className="SearchReults section"
>
  <div
    class="message is-info"
    style={
      Object {
        "marginTop": 10,
      }
    }
  >
    <h2
      className="message-body"
    >
      You are seeing the results of 
      trending
       Gifts
    </h2>
  </div>
  <ImageList
    images={Array []}
    onImageClick={[Function]}
  />
  <div
    className="SearchResults-pagination"
    style={
      Object {
        "marginTop": 10,
      }
    }
  >
    <Pagination
      currentPage={0}
      onPageClick={[Function]}
      pagesToShow={10}
      perPage={25}
      totalItems={10}
    />
  </div>
</section>
`;

exports[`SearchResults should show when its loading 1`] = `"Loading ..."`;

exports[`SearchResults should show when there is an error 1`] = `"Sorry it has been an error while fetching the image"`;
