// Jest Snapshot v1, https://goo.gl/fbAQLP

exports[`renders without crashing 1`] = `
<div
  className="App"
>
  <header
    className="App-header"
  >
    <img
      alt="logo"
      className="App-logo"
      src="logo.svg"
    />
    <h1
      className="App-title"
    >
      Gifgle
    </h1>
    <div
      className="App-SearchBar"
    >
      <SearchBar
        onNewSearch={[Function]}
      />
    </div>
  </header>
  <h2>
    You are seeing the results of 
    trending gif
  </h2>
  <ImageList
    images={Array []}
  />
</div>
`;
