// Jest Snapshot v1, https://goo.gl/fbAQLP

exports[`renders without crashing 1`] = `
<BrowserRouter>
  <div
    className="App"
  >
    <Header />
    <Route
      component={[Function]}
      exact={true}
      path="/"
    />
    <Route
      component={[Function]}
      path="/search/:query/:page?"
    />
    <Route
      component={[Function]}
      path="/:slug"
    />
  </div>
</BrowserRouter>
`;
