// Jest Snapshot v1, https://goo.gl/fbAQLP

exports[`Pagination should render equal to the snapshot 1`] = `
<nav
  aria-label="pagination"
  class="Pagination pagination is-centered"
  role="navigation"
>
  <a
    class="pagination-previous"
    onClick={[Function]}
  >
    Previous
  </a>
  <a
    class="pagination-next"
    onClick={[Function]}
  >
    Next page
  </a>
  <ul
    className="pagination-list"
  >
    <li
      key="1"
    >
      <a
        className="pagination-link is-current"
        onClick={[Function]}
      >
         
        1
         
      </a>
    </li>
    <li
      key="2"
    >
      <a
        className="pagination-link "
        onClick={[Function]}
      >
         
        2
         
      </a>
    </li>
    <li
      key="3"
    >
      <a
        className="pagination-link "
        onClick={[Function]}
      >
         
        3
         
      </a>
    </li>
    <li
      key="4"
    >
      <a
        className="pagination-link "
        onClick={[Function]}
      >
         
        4
         
      </a>
    </li>
    <li
      key="5"
    >
      <a
        className="pagination-link "
        onClick={[Function]}
      >
         
        5
         
      </a>
    </li>
  </ul>
</nav>
`;
