// Jest Snapshot v1, https://goo.gl/fbAQLP

exports[`ImageList should render a list of components 1`] = `
<ul
  className="ImageList"
>
  <li
    key="1"
    onClick={[Function]}
  >
    <img
      alt="Test 1"
      src="test-1.gif"
    />
  </li>
  <li
    key="2"
    onClick={[Function]}
  >
    <img
      alt="Test 2"
      src="test-2.gif"
    />
  </li>
</ul>
`;

exports[`ImageList should render a message for empty results 1`] = `
<ul
  className="ImageList"
/>
`;
