// Jest Snapshot v1, https://goo.gl/fbAQLP

exports[`SearchBar should render a list of components 1`] = `
<div
  className="ImageList"
>
  <img
    key="1"
    src="test-1"
  />
  <img
    key="2"
    src="test-2"
  />
</div>
`;

exports[`SearchBar should render a message for empty results 1`] = `
<div
  className="ImageList"
/>
`;
